GPU: Tesla T4 | bf16: False
tokenizing ~11.0M adaptation tokens (streaming; ~15 min)...
  0.0M tokens, 0.0 min
  2.0M tokens, 0.1 min
  4.0M tokens, 0.2 min
  6.0M tokens, 0.3 min
  8.0M tokens, 0.3 min
  10.0M tokens, 0.4 min
tokenized 11.00M tokens | eval-text probes in pool: 0/12

============================================================
budget 0 tokens
============================================================

  Protocol B: 1.0774 | Protocol A: 1.1091

============================================================
budget 1,000,000 tokens
============================================================
  training 1,000,000 tokens = 488 steps...

 [488/488 16:40]
Step	Training Loss
50	2.150048
100	2.098822
150	2.083660
200	2.060147
250	2.022373
300	2.071900
350	2.055871
400	2.067715
450	2.015471
  trained in 16.7 min

  Protocol B: 1.0757 | Protocol A: 1.1024

============================================================
budget 10,000,000 tokens
============================================================
  training 10,000,000 tokens = 4,882 steps...

 [4882/4882 2:47:09]
Step	Training Loss
488	2.021007
976	1.990334
1464	2.017603
1952	1.993641
2440	1.971481
2928	1.954848
3416	1.971256
3904	1.968203
4392	1.945687
4880	1.962652
  trained in 167.2 min

  Protocol B: 1.0591 | Protocol A: 1.0840

saved -> /kaggle/working/figure2_clean.png

========================================================================
RESULTS
========================================================================
  0 tokens   Protocol B 1.0774   Protocol A 1.1091
  1M tokens  Protocol B 1.0757   Protocol A 1.1024
  10M tokens Protocol B 1.0591   Protocol A 1.0840

  0 -> 1M   change -0.0017 bpb
  1M -> 10M change -0.0166 bpb   (tenfold data increase)
  gap to from-scratch at 10M: +0.0310 bpb

DRAFT CAPTION (check the numbers read correctly before using):

  Figure 2. Bits-per-byte of the mGPT-1.3B + QLoRA baseline as a function of
  adaptation tokens (0, 1M, 10M), evaluated on the deduplicated held-out set
  under Protocol B. The adaptation pool was verified disjoint from the
  evaluation text. A tenfold increase in adaptation data (1M to 10M) changes
  bits-per-byte by -0.0166, leaving the adapted baseline 0.031 above the
  from-scratch model's 1.0281 (dashed line). Created by the author.
========================================================================
